17:33:39 **** Incremental Build of configuration Debug for project Arm ****
make -j4 all 
arm-none-eabi-gcc "../Core/Src/main.c" -mcpu=cortex-m4 -std=gnu11 -g3 -DUSE_HAL_DRIVER -DSTM32F411xE -DDEBUG -c -I../Core/Inc -I../Drivers/STM32F4xx_HAL_Driver/Inc -I../Drivers/STM32F4xx_HAL_Driver/Inc/Legacy -I../Drivers/CMSIS/Device/ST/STM32F4xx/Include -I../Drivers/CMSIS/Include -O0 -ffunction-sections -fdata-sections -Wall -fstack-usage -MMD -MP -MF"Core/Src/main.d" -MT"Core/Src/main.o" --specs=nano.specs -mfpu=fpv4-sp-d16 -mfloat-abi=hard -mthumb -o "Core/Src/main.o"
arm-none-eabi-gcc -o "Arm.elf" @"objects.list"   -mcpu=cortex-m4 -T"C:\Users\Dell\STM32CubeIDE\workspace_1.4.0\Arm\STM32F411VETX_FLASH.ld" --specs=nosys.specs -Wl,-Map="Arm.map" -Wl,--gc-sections -static --specs=nano.specs -mfpu=fpv4-sp-d16 -mfloat-abi=hard -mthumb -Wl,--start-group -lc -lm -Wl,--end-group
Finished building target: Arm.elf
 
arm-none-eabi-objdump -h -S  Arm.elf  > "Arm.list"
arm-none-eabi-objcopy  -O binary  Arm.elf  "Arm.bin"
arm-none-eabi-size   Arm.elf 
   text	   data	    bss	    dec	    hex	filename
   8284	     20	   1636	   9940	   26d4	Arm.elf
Finished building: default.size.stdout
 
Finished building: Arm.bin
 
Finished building: Arm.list
 

17:33:40 Build Finished. 0 errors, 0 warnings. (took 1s.267ms)

