core_cm4.h:1939:34:__NVIC_SystemReset	4	static,ignoring_inline_asm
myLibrary.c:28:6:SysTickEnable	4	static,ignoring_inline_asm
myLibrary.c:35:6:SysTickDisable	4	static,ignoring_inline_asm
myLibrary.c:42:6:ESP_RESET	8	static
myLibrary.c:52:6:ESP_Server_Init	8	static
myLibrary.c:92:6:ESP_Clear_Buffer	8	static
myLibrary.c:105:9:string_compare	32	static
myLibrary.c:119:5:string_contains	40	static
myLibrary.c:131:5:getLink	16	static
myLibrary.c:137:6:messageHandler	16	static
myLibrary.c:281:6:sendData	16	static
myLibrary.c:339:10:HAL_GetTick	8	static
