main.c:77:6:BMS_update	24	static
main.c:114:6:drive_PWM	4	static
main.c:135:6:operateArm	48	dynamic
main.c:207:6:moveServos	48	dynamic
main.c:229:6:resetServos	48	dynamic
main.c:249:5:main	16	static
main.c:307:6:SystemClock_Config	88	static
main.c:347:13:MX_ADC3_Init	24	static
main.c:397:13:MX_TIM2_Init	48	static
main.c:450:13:MX_TIM3_Init	48	static
main.c:503:13:MX_UART5_Init	8	static
main.c:536:13:MX_USART1_UART_Init	8	static
main.c:569:13:MX_GPIO_Init	48	static
main.c:602:6:Error_Handler	4	static
