myLibrary.c:20:6:SysTickEnable	4	static,ignoring_inline_asm
myLibrary.c:27:6:SysTickDisable	4	static,ignoring_inline_asm
myLibrary.c:34:6:ESP_RESET	8	static
myLibrary.c:45:6:ESP_Nodemcu_Init	16	static
myLibrary.c:120:6:ESP_Server_Init	8	static
myLibrary.c:169:6:ESP_Clear_Buffer	8	static
myLibrary.c:175:6:calculateBattery	4	static
myLibrary.c:182:9:string_compare	32	static
myLibrary.c:196:5:string_contains	40	static
myLibrary.c:208:5:getLink	16	static
myLibrary.c:216:6:messageHandler	40	static
myLibrary.c:369:6:sendData	16	static
myLibrary.c:389:6:controlArm	40	dynamic
myLibrary.c:446:6:moveServos	48	dynamic
myLibrary.c:468:6:resetServos	40	dynamic
