myLibrary.c:20:6:SysTickEnable	4	static,ignoring_inline_asm
myLibrary.c:27:6:SysTickDisable	4	static,ignoring_inline_asm
myLibrary.c:34:6:ESP_RESET	8	static
myLibrary.c:45:6:ESP_Nodemcu_Init	16	static
myLibrary.c:121:6:ESP_Server_Init	8	static
myLibrary.c:170:6:ESP_Clear_Buffer	8	static
myLibrary.c:176:6:calculateBattery	4	static
myLibrary.c:183:9:string_compare	32	static
myLibrary.c:197:5:string_contains	40	static
myLibrary.c:209:5:getLink	16	static
myLibrary.c:217:6:messageHandler	40	static
myLibrary.c:360:6:sendData	16	static
myLibrary.c:380:6:controlArm	40	dynamic
myLibrary.c:437:6:moveServos	48	dynamic
myLibrary.c:459:6:resetServos	40	dynamic
